To honour the JVM settings for this build a single-use Daemon process will be forked. For more on this, please refer to https://docs.gradle.org/8.10.2/userguide/gradle_daemon.html#sec:disabling_the_daemon in the Gradle documentation.
Daemon will be stopped at the end of the build 
Reusing configuration cache.
> Task :app:checkKotlinGradlePluginConfigurationErrors SKIPPED
> Task :app:preBuild UP-TO-DATE
> Task :app:preDebugBuild UP-TO-DATE
> Task :app:mergeDebugNativeDebugMetadata NO-SOURCE
> Task :app:mergeDebugJniLibFolders UP-TO-DATE
> Task :app:generateDebugBuildConfig UP-TO-DATE
> Task :app:mergeDebugShaders UP-TO-DATE
> Task :app:createDebugCompatibleScreenManifests UP-TO-DATE
> Task :app:generateDebugResValues UP-TO-DATE
> Task :app:javaPreCompileDebug UP-TO-DATE
> Task :app:injectCrashlyticsMappingFileIdDebug UP-TO-DATE
> Task :app:processDebugGoogleServices UP-TO-DATE
> Task :app:validateSigningDebug UP-TO-DATE
> Task :app:extractDeepLinksDebug UP-TO-DATE
> Task :app:compileDebugShaders NO-SOURCE
> Task :app:writeDebugAppMetadata UP-TO-DATE
> Task :app:generateDebugAssets UP-TO-DATE
> Task :app:writeDebugSigningConfigVersions UP-TO-DATE
> Task :app:generateDebugResources UP-TO-DATE
> Task :app:desugarDebugFileDependencies UP-TO-DATE
> Task :app:mapDebugSourceSetPaths UP-TO-DATE
> Task :app:mergeDebugAssets UP-TO-DATE
> Task :app:l8DexDesugarLibDebug UP-TO-DATE
> Task :app:checkDebugDuplicateClasses UP-TO-DATE
> Task :app:mergeDebugNativeLibs UP-TO-DATE
> Task :app:compressDebugAssets UP-TO-DATE
> Task :app:checkDebugAarMetadata UP-TO-DATE
> Task :app:packageDebugResources UP-TO-DATE
> Task :app:mergeDebugResources UP-TO-DATE
> Task :app:mergeLibDexDebug UP-TO-DATE
> Task :app:stripDebugDebugSymbols UP-TO-DATE
> Task :app:parseDebugLocalResources UP-TO-DATE
> Task :app:processDebugMainManifest UP-TO-DATE
> Task :app:processDebugManifest UP-TO-DATE
> Task :app:processDebugManifestForPackage UP-TO-DATE
> Task :app:mergeExtDexDebug UP-TO-DATE
> Task :app:processDebugResources UP-TO-DATE
> Task :app:kspDebugKotlin UP-TO-DATE
> Task :app:compileDebugKotlin
w: file:///C:/Users/laksh/GITHUB/1hub_rep2/G48A/android-native/app/src/main/java/com/zaruda/app/core/JwtHelper.kt:43:35 Java type mismatch: inferred type is 'kotlin.Nothing?', but 'kotlin.String' was expected.
w: file:///C:/Users/laksh/GITHUB/1hub_rep2/G48A/android-native/app/src/main/java/com/zaruda/app/ui/auth/LoginScreen.kt:613:49 'fun get(p0: String!): Any?' is deprecated. Deprecated in Java.
w: file:///C:/Users/laksh/GITHUB/1hub_rep2/G48A/android-native/app/src/main/java/com/zaruda/app/ui/channels/ChannelScreens.kt:150:43 'val Icons.Filled.Article: ImageVector' is deprecated. Use the AutoMirrored version at Icons.AutoMirrored.Filled.Article.
w: file:///C:/Users/laksh/GITHUB/1hub_rep2/G48A/android-native/app/src/main/java/com/zaruda/app/ui/components/Buttons.kt:76:33 'val outlinedButtonBorder: BorderStroke' is deprecated. Please use the version that takes an `enabled` param to get the `BorderStroke` with the correct opacity.
w: file:///C:/Users/laksh/GITHUB/1hub_rep2/G48A/android-native/app/src/main/java/com/zaruda/app/ui/scanner/ScannerScreen.kt:166:26 'val LocalLifecycleOwner: ProvidableCompositionLocal<LifecycleOwner>' is deprecated. Moved to lifecycle-runtime-compose library in androidx.lifecycle.compose package.
w: file:///C:/Users/laksh/GITHUB/1hub_rep2/G48A/android-native/app/src/main/java/com/zaruda/app/ui/scanner/ScannerScreen.kt:211:26 'fun setTargetResolution(p0: Size): ImageAnalysis.Builder' is deprecated. Deprecated in Java.
w: file:///C:/Users/laksh/GITHUB/1hub_rep2/G48A/android-native/app/src/main/java/com/zaruda/app/ui/theme/Theme.kt:85:20 'var statusBarColor: Int' is deprecated. Deprecated in Java.
w: file:///C:/Users/laksh/GITHUB/1hub_rep2/G48A/android-native/app/src/main/java/com/zaruda/app/ui/theme/Theme.kt:86:20 'var navigationBarColor: Int' is deprecated. Deprecated in Java.

> Task :app:compileDebugJavaWithJavac UP-TO-DATE
> Task :app:hiltAggregateDepsDebug UP-TO-DATE
> Task :app:hiltJavaCompileDebug UP-TO-DATE
> Task :app:processDebugJavaRes UP-TO-DATE
> Task :app:mergeDebugJavaResource UP-TO-DATE
> Task :app:transformDebugClassesWithAsm UP-TO-DATE
> Task :app:dexBuilderDebug
> Task :app:mergeDebugGlobalSynthetics UP-TO-DATE
> Task :app:mergeProjectDexDebug
> Task :app:packageDebug
> Task :app:assembleDebug
> Task :app:createDebugApkListingFileRedirect UP-TO-DATE

BUILD SUCCESSFUL in 11m 59s
44 actionable tasks: 4 executed, 40 up-to-date
Configuration cache entry reused.
